{"ts":1781270119149,"kind":"power","power":{"FVE":null,"Baterie":"7.6 kW","Síť":null,"Dům":"10.2 kW"}}
{"ts":1781270279337,"kind":"power","power":{"FVE":null,"Baterie":"6.6 kW","Síť":null,"Dům":"10.0 kW"}}
{"ts":1781270301497,"kind":"power","power":{"FVE":null,"Baterie":"6.5 kW","Síť":null,"Dům":"10.0 kW"}}
{"ts":1781270390268,"kind":"power","power":{"FVE":null,"Baterie":"7.0 kW","Síť":null,"Dům":"10.3 kW"}}
{"ts":1781270402950,"kind":"power","power":{"FVE":null,"Baterie":"7.0 kW","Síť":null,"Dům":"10.4 kW"}}
{"ts":1781270427433,"kind":"power","power":{"FVE":null,"Baterie":"7.3 kW","Síť":null,"Dům":"10.5 kW"}}
{"ts":1781270770244,"kind":"power","power":{"FVE":null,"Baterie":"4.3 kW","Síť":null,"Dům":"8.2 kW"}}
{"ts":1781940163613,"kind":"power","power":{"FVE":null,"Baterie":"6.2 kW","Síť":null,"Dům":"3.8 kW"}}
{"ts":1781940455422,"kind":"power","power":{"FVE":null,"Baterie":"4.0 kW","Síť":null,"Dům":"6.1 kW"}}
{"ts":1781940478547,"kind":"power","power":{"FVE":null,"Baterie":"4.8 kW","Síť":null,"Dům":"5.3 kW"}}
{"ts":1781940593133,"kind":"power","power":{"FVE":null,"Baterie":"6.8 kW","Síť":null,"Dům":"3.5 kW"}}
{"ts":1781940713151,"kind":"power","power":{"FVE":null,"Baterie":"6.7 kW","Síť":null,"Dům":"3.5 kW"}}
{"ts":1781940833138,"kind":"power","power":{"FVE":null,"Baterie":"6.6 kW","Síť":null,"Dům":"3.8 kW"}}
{"ts":1781940953138,"kind":"power","power":{"FVE":null,"Baterie":"6.8 kW","Síť":null,"Dům":"3.7 kW"}}
{"ts":1781941073148,"kind":"power","power":{"FVE":null,"Baterie":"3.4 kW","Síť":null,"Dům":"7.1 kW"}}
{"ts":1781941193147,"kind":"power","power":{"FVE":null,"Baterie":"6.7 kW","Síť":null,"Dům":"4.0 kW"}}
{"ts":1781941313153,"kind":"power","power":{"FVE":null,"Baterie":"6.6 kW","Síť":null,"Dům":"3.9 kW"}}
{"ts":1781941433161,"kind":"power","power":{"FVE":null,"Baterie":"6.6 kW","Síť":null,"Dům":"4.0 kW"}}
{"ts":1781941471903,"kind":"power","power":{"FVE":null,"Baterie":"6.6 kW","Síť":null,"Dům":"4.1 kW"}}
{"ts":1781941566415,"kind":"power","power":{"FVE":null,"Baterie":"5.5 kW","Síť":null,"Dům":"5.3 kW"}}
{"ts":1781941809937,"kind":"power","power":{"FVE":null,"Baterie":"5.6 kW","Síť":null,"Dům":"5.3 kW"}}
{"ts":1781941929907,"kind":"power","power":{"FVE":null,"Baterie":"5.9 kW","Síť":null,"Dům":"5.0 kW"}}
{"ts":1781942049900,"kind":"power","power":{"FVE":null,"Baterie":"4.8 kW","Síť":null,"Dům":"6.4 kW"}}
{"ts":1781942169909,"kind":"power","power":{"FVE":null,"Baterie":"4.2 kW","Síť":null,"Dům":"6.9 kW"}}
{"ts":1781942289937,"kind":"power","power":{"FVE":null,"Baterie":"4.3 kW","Síť":null,"Dům":"6.9 kW"}}
{"ts":1781942409938,"kind":"power","power":{"FVE":null,"Baterie":"4.2 kW","Síť":null,"Dům":"6.9 kW"}}
{"ts":1781942529962,"kind":"power","power":{"FVE":null,"Baterie":"4.3 kW","Síť":null,"Dům":"7.1 kW"}}
{"ts":1781942649960,"kind":"power","power":{"FVE":null,"Baterie":"6.9 kW","Síť":null,"Dům":"4.5 kW"}}
{"ts":1781942769973,"kind":"power","power":{"FVE":null,"Baterie":"8.2 kW","Síť":null,"Dům":"3.5 kW"}}
{"ts":1781942889989,"kind":"power","power":{"FVE":null,"Baterie":"7.3 kW","Síť":null,"Dům":"4.0 kW"}}
{"ts":1781943010006,"kind":"power","power":{"FVE":null,"Baterie":"6.6 kW","Síť":null,"Dům":"5.0 kW"}}
{"ts":1781943130000,"kind":"power","power":{"FVE":null,"Baterie":"2.2 kW","Síť":null,"Dům":"9.5 kW"}}
{"ts":1781943250023,"kind":"power","power":{"FVE":null,"Baterie":"8.2 kW","Síť":null,"Dům":"3.5 kW"}}
{"ts":1781943370030,"kind":"power","power":{"FVE":null,"Baterie":"7.7 kW","Síť":null,"Dům":"3.9 kW"}}
{"ts":1781943490155,"kind":"power","power":{"FVE":null,"Baterie":"0.9 kW","Síť":null,"Dům":"10.6 kW"}}
{"ts":1781943610066,"kind":"power","power":{"FVE":null,"Baterie":"2.0 kW","Síť":null,"Dům":"9.4 kW"}}
{"ts":1781943730067,"kind":"power","power":{"FVE":null,"Baterie":"3.6 kW","Síť":null,"Dům":"8.3 kW"}}
{"ts":1781943850081,"kind":"power","power":{"FVE":null,"Baterie":"4.6 kW","Síť":null,"Dům":"7.3 kW"}}
{"ts":1781943970090,"kind":"power","power":{"FVE":null,"Baterie":"4.6 kW","Síť":null,"Dům":"7.5 kW"}}
{"ts":1781944090110,"kind":"power","power":{"FVE":null,"Baterie":"1.8 kW","Síť":null,"Dům":"10.1 kW"}}
{"ts":1781944210107,"kind":"power","power":{"FVE":null,"Baterie":"4.3 kW","Síť":null,"Dům":"7.1 kW"}}
{"ts":1781944330133,"kind":"power","power":{"FVE":null,"Baterie":"5.1 kW","Síť":null,"Dům":"7.2 kW"}}
{"ts":1781944450147,"kind":"power","power":{"FVE":null,"Baterie":"6.0 kW","Síť":null,"Dům":"6.3 kW"}}
{"ts":1781944570156,"kind":"power","power":{"FVE":null,"Baterie":"6.3 kW","Síť":null,"Dům":"6.0 kW"}}
{"ts":1781944690170,"kind":"power","power":{"FVE":null,"Baterie":"4.5 kW","Síť":null,"Dům":"7.8 kW"}}
{"ts":1781944810171,"kind":"power","power":{"FVE":null,"Baterie":"6.7 kW","Síť":null,"Dům":"5.7 kW"}}
{"ts":1781944930177,"kind":"power","power":{"FVE":null,"Baterie":"6.7 kW","Síť":null,"Dům":"5.7 kW"}}
{"ts":1781945050193,"kind":"power","power":{"FVE":null,"Baterie":"11.2 kW","Síť":null,"Dům":"0.7 kW"}}
{"ts":1781945170212,"kind":"power","power":{"FVE":null,"Baterie":"12.8 kW","Síť":null,"Dům":"0.0 kW"}}
{"ts":1781945290208,"kind":"power","power":{"FVE":null,"Baterie":"11.1 kW","Síť":null,"Dům":"0.0 kW"}}
{"ts":1781945410222,"kind":"power","power":{"FVE":null,"Baterie":"14.8 kW","Síť":null,"Dům":"0.0 kW"}}
{"ts":1781945530224,"kind":"power","power":{"FVE":null,"Baterie":"14.8 kW","Síť":null,"Dům":"0.0 kW"}}
{"ts":1781945650250,"kind":"power","power":{"FVE":null,"Baterie":"12.7 kW","Síť":null,"Dům":"0.0 kW"}}
{"ts":1781945770267,"kind":"power","power":{"FVE":null,"Baterie":"13.0 kW","Síť":null,"Dům":"0.0 kW"}}
{"ts":1781945890263,"kind":"power","power":{"FVE":null,"Baterie":"8.1 kW","Síť":null,"Dům":"4.7 kW"}}
{"ts":1781946010281,"kind":"power","power":{"FVE":null,"Baterie":"14.2 kW","Síť":null,"Dům":"0.0 kW"}}
{"ts":1781946130282,"kind":"power","power":{"FVE":null,"Baterie":"14.4 kW","Síť":null,"Dům":"0.0 kW"}}
{"ts":1781946250305,"kind":"power","power":{"FVE":null,"Baterie":"13.3 kW","Síť":null,"Dům":"0.0 kW"}}
{"ts":1781946349517,"kind":"power","power":{"FVE":null,"Baterie":"15.0 kW","Síť":null,"Dům":"0.0 kW"}}
{"ts":1781946370309,"kind":"power","power":{"FVE":null,"Baterie":"14.8 kW","Síť":null,"Dům":"0.0 kW"}}
{"ts":1781946490324,"kind":"power","power":{"FVE":null,"Baterie":"14.6 kW","Síť":null,"Dům":"0.0 kW"}}
{"ts":1781946610338,"kind":"power","power":{"FVE":null,"Baterie":"15.1 kW","Síť":null,"Dům":"0.0 kW"}}
{"ts":1781946730361,"kind":"power","power":{"FVE":null,"Baterie":"8.6 kW","Síť":null,"Dům":"4.3 kW"}}
{"ts":1781946850353,"kind":"power","power":{"FVE":null,"Baterie":"14.9 kW","Síť":null,"Dům":"0.0 kW"}}
{"ts":1781946970361,"kind":"power","power":{"FVE":null,"Baterie":"15.2 kW","Síť":null,"Dům":"0.0 kW"}}
{"ts":1781947090360,"kind":"power","power":{"FVE":null,"Baterie":"15.3 kW","Síť":null,"Dům":"0.0 kW"}}
{"ts":1781947210377,"kind":"power","power":{"FVE":null,"Baterie":"15.2 kW","Síť":null,"Dům":"0.0 kW"}}
{"ts":1781947330396,"kind":"power","power":{"FVE":null,"Baterie":"0.0 kW","Síť":null,"Dům":"1.6 kW"}}
{"ts":1781947450390,"kind":"power","power":{"FVE":null,"Baterie":"0.0 kW","Síť":null,"Dům":"1.6 kW"}}
{"ts":1781947570394,"kind":"power","power":{"FVE":null,"Baterie":"0.0 kW","Síť":null,"Dům":"2.5 kW"}}
{"ts":1781947690423,"kind":"power","power":{"FVE":null,"Baterie":"0.0 kW","Síť":null,"Dům":"6.6 kW"}}
{"ts":1781947810442,"kind":"power","power":{"FVE":null,"Baterie":"0.5 kW","Síť":null,"Dům":"6.0 kW"}}
{"ts":1781947930445,"kind":"power","power":{"FVE":null,"Baterie":"0.0 kW","Síť":null,"Dům":"6.6 kW"}}
{"ts":1781948050475,"kind":"power","power":{"FVE":null,"Baterie":"0.0 kW","Síť":null,"Dům":"2.4 kW"}}
{"ts":1781948170473,"kind":"power","power":{"FVE":null,"Baterie":"0.0 kW","Síť":null,"Dům":"2.5 kW"}}
{"ts":1781948290495,"kind":"power","power":{"FVE":null,"Baterie":"0.0 kW","Síť":null,"Dům":"7.1 kW"}}
{"ts":1781948410502,"kind":"power","power":{"FVE":null,"Baterie":"0.0 kW","Síť":null,"Dům":"2.4 kW"}}
{"ts":1781948530523,"kind":"power","power":{"FVE":null,"Baterie":"0.0 kW","Síť":null,"Dům":"2.5 kW"}}
{"ts":1781948650516,"kind":"power","power":{"FVE":null,"Baterie":"0.0 kW","Síť":null,"Dům":"7.0 kW"}}
{"ts":1781948770548,"kind":"power","power":{"FVE":null,"Baterie":"0.0 kW","Síť":null,"Dům":"6.3 kW"}}
{"ts":1781948890563,"kind":"power","power":{"FVE":null,"Baterie":"0.0 kW","Síť":null,"Dům":"4.1 kW"}}
{"ts":1781949010563,"kind":"power","power":{"FVE":null,"Baterie":"0.0 kW","Síť":null,"Dům":"2.3 kW"}}
{"ts":1781949130581,"kind":"power","power":{"FVE":null,"Baterie":"0.0 kW","Síť":null,"Dům":"2.3 kW"}}
{"ts":1781949250583,"kind":"power","power":{"FVE":null,"Baterie":"0.0 kW","Síť":null,"Dům":"2.2 kW"}}
{"ts":1781949370595,"kind":"power","power":{"FVE":null,"Baterie":"0.0 kW","Síť":null,"Dům":"2.0 kW"}}
{"ts":1781949490592,"kind":"power","power":{"FVE":null,"Baterie":"0.0 kW","Síť":null,"Dům":"2.0 kW"}}
{"ts":1781949525979,"kind":"power","power":{"FVE":null,"Baterie":"0.0 kW","Síť":null,"Dům":"2.0 kW"}}
{"ts":1781949610603,"kind":"power","power":{"FVE":null,"Baterie":"9.5 kW","Síť":null,"Dům":"9.8 kW"}}
{"ts":1781949637333,"kind":"power","power":{"FVE":"0.4 kW","Baterie":"9.4 kW","Síť":"0.1 kW","Dům":"9.9 kW"}}
{"ts":1781949746574,"kind":"power","power":{"FVE":"0.4 kW","Baterie":"9.5 kW","Síť":"0.0 kW","Dům":"9.9 kW"}}
{"ts":1781949866609,"kind":"power","power":{"FVE":"0.3 kW","Baterie":"9.6 kW","Síť":"0.1 kW","Dům":"9.9 kW"}}
{"ts":1781949897168,"kind":"power","power":{"FVE":"0.4 kW","Baterie":"9.5 kW","Síť":"0.0 kW","Dům":"10.0 kW"}}
{"ts":1781949986596,"kind":"power","power":{"FVE":"12.9 kW","Baterie":"13.0 kW","Síť":"0.3 kW","Dům":"0.0 kW"}}
{"ts":1781950086964,"kind":"power","power":{"FVE":"11.4 kW","Baterie":"11.6 kW","Síť":"0.0 kW","Dům":"0.0 kW"}}
{"ts":1781950189069,"kind":"power","power":{"FVE":"10.6 kW","Baterie":"10.4 kW","Síť":"0.0 kW","Dům":"0.1 kW"}}
{"ts":1781950306817,"kind":"power","power":{"FVE":"1.2 kW","Baterie":"0.0 kW","Síť":"0.1 kW","Dům":"1.3 kW"}}
{"ts":1781950306585,"kind":"power","power":{"FVE":"1.2 kW","Baterie":"0.0 kW","Síť":"0.1 kW","Dům":"1.3 kW"}}
{"ts":1781950426600,"kind":"power","power":{"FVE":"1.2 kW","Baterie":"0.0 kW","Síť":"0.0 kW","Dům":"1.3 kW"}}
{"ts":1781950546612,"kind":"power","power":{"FVE":"1.2 kW","Baterie":"0.0 kW","Síť":"0.0 kW","Dům":"1.2 kW"}}
{"ts":1781950669352,"kind":"power","power":{"FVE":"6.5 kW","Baterie":"0.0 kW","Síť":"0.0 kW","Dům":"6.5 kW"}}
{"ts":1781950673902,"kind":"power","power":{"FVE":"6.5 kW","Baterie":"0.0 kW","Síť":"0.0 kW","Dům":"6.5 kW"}}
{"ts":1781950797336,"kind":"power","power":{"FVE":"9.1 kW","Baterie":"0.0 kW","Síť":"0.0 kW","Dům":"7.8 kW"}}
{"ts":1781950908889,"kind":"power","power":{"FVE":"11.2 kW","Baterie":"0.0 kW","Síť":"0.1 kW","Dům":"7.9 kW"}}
{"ts":1781951026063,"kind":"power","power":{"FVE":"11.8 kW","Baterie":"0.0 kW","Síť":"0.3 kW","Dům":"7.4 kW"}}
{"ts":1781951146082,"kind":"power","power":{"FVE":"11.5 kW","Baterie":"0.0 kW","Síť":"0.1 kW","Dům":"6.4 kW"}}
{"ts":1781951266131,"kind":"power","power":{"FVE":"11.6 kW","Baterie":"0.3 kW","Síť":"0.0 kW","Dům":"6.1 kW"}}
{"ts":1781951386141,"kind":"power","power":{"FVE":"12.5 kW","Baterie":"0.0 kW","Síť":"0.1 kW","Dům":"6.6 kW"}}
{"ts":1781951471916,"kind":"power","power":{"FVE":"12.5 kW","Baterie":"0.0 kW","Síť":"0.0 kW","Dům":"6.5 kW"}}
{"ts":1782058778327,"kind":"power","power":{"FVE":"4.4 kW","Baterie":"0.5 kW","Síť":"0.0 kW","Dům":"3.3 kW"}}
{"ts":1782058894930,"kind":"power","power":{"FVE":"4.7 kW","Baterie":"0.1 kW","Síť":"0.0 kW","Dům":"3.0 kW"}}
{"ts":1782059014957,"kind":"power","power":{"FVE":"4.7 kW","Baterie":"0.0 kW","Síť":"0.1 kW","Dům":"3.0 kW"}}
{"ts":1782059199852,"kind":"power","power":{"FVE":"4.4 kW","Baterie":"0.1 kW","Síť":"0.1 kW","Dům":"3.2 kW"}}
{"ts":1782059243100,"kind":"power","power":{"FVE":"4.3 kW","Baterie":"0.4 kW","Síť":"0.0 kW","Dům":"3.5 kW"}}
{"ts":1782397260729,"kind":"power","power":{"FVE":"5.9 kW","Baterie":"0.0 kW","Síť":"0.0 kW","Dům":"5.1 kW"}}
{"ts":1782397377738,"kind":"power","power":{"FVE":"6.7 kW","Baterie":"0.0 kW","Síť":"0.3 kW","Dům":"6.3 kW"}}
{"ts":1782397497700,"kind":"power","power":{"FVE":"6.6 kW","Baterie":"1.1 kW","Síť":"0.2 kW","Dům":"7.1 kW"}}
{"ts":1782397617707,"kind":"power","power":{"FVE":"5.3 kW","Baterie":"5.2 kW","Síť":"0.1 kW","Dům":"10.0 kW"}}
{"ts":1782397737705,"kind":"power","power":{"FVE":"3.7 kW","Baterie":"3.6 kW","Síť":"0.1 kW","Dům":"6.5 kW"}}
{"ts":1782397857696,"kind":"power","power":{"FVE":"3.5 kW","Baterie":"3.9 kW","Síť":"0.1 kW","Dům":"6.6 kW"}}
{"ts":1782397977702,"kind":"power","power":{"FVE":"3.5 kW","Baterie":"4.0 kW","Síť":"0.0 kW","Dům":"6.6 kW"}}
{"ts":1782400533644,"kind":"power","power":{"FVE":"0.2 kW","Baterie":"6.0 kW","Síť":"0.0 kW","Dům":"4.7 kW"}}
{"ts":1782400791314,"kind":"power","power":{"FVE":"0.2 kW","Baterie":"6.1 kW","Síť":"0.0 kW","Dům":"4.8 kW"}}
{"ts":1782400907388,"kind":"power","power":{"FVE":"8.9 kW","Baterie":"4.8 kW","Síť":"0.0 kW","Dům":"2.6 kW"}}
{"ts":1782401027377,"kind":"power","power":{"FVE":"8.3 kW","Baterie":"4.3 kW","Síť":"0.1 kW","Dům":"2.6 kW"}}
{"ts":1782401120165,"kind":"power","power":{"FVE":"8.8 kW","Baterie":"4.6 kW","Síť":"0.0 kW","Dům":"2.5 kW"}}
{"ts":1782401195176,"kind":"power","power":{"FVE":"8.8 kW","Baterie":"4.5 kW","Síť":"0.0 kW","Dům":"2.6 kW"}}
{"ts":1782401817771,"kind":"power","power":{"FVE":"8.6 kW","Baterie":"4.3 kW","Síť":"0.0 kW","Dům":"2.6 kW"}}
{"ts":1782401934797,"kind":"power","power":{"FVE":"4.6 kW","Baterie":"0.0 kW","Síť":"0.0 kW","Dům":"2.8 kW"}}
{"ts":1782402054818,"kind":"power","power":{"FVE":"0.6 kW","Baterie":"4.8 kW","Síť":"0.0 kW","Dům":"3.7 kW"}}
{"ts":1782402174847,"kind":"power","power":{"FVE":"5.1 kW","Baterie":"0.0 kW","Síť":"0.1 kW","Dům":"3.3 kW"}}
{"ts":1782402294895,"kind":"power","power":{"FVE":"0.3 kW","Baterie":"6.1 kW","Síť":"0.0 kW","Dům":"4.7 kW"}}
{"ts":1782402414920,"kind":"power","power":{"FVE":"0.2 kW","Baterie":"6.4 kW","Síť":"0.1 kW","Dům":"4.8 kW"}}
{"ts":1782402534949,"kind":"power","power":{"FVE":"0.2 kW","Baterie":"8.2 kW","Síť":"0.0 kW","Dům":"6.3 kW"}}
{"ts":1782402654977,"kind":"power","power":{"FVE":"0.2 kW","Baterie":"7.7 kW","Síť":"0.2 kW","Dům":"6.5 kW"}}
{"ts":1782402775010,"kind":"power","power":{"FVE":"7.6 kW","Baterie":"1.2 kW","Síť":"0.2 kW","Dům":"5.3 kW"}}
{"ts":1782402895049,"kind":"power","power":{"FVE":"7.7 kW","Baterie":"3.1 kW","Síť":"0.1 kW","Dům":"2.7 kW"}}
{"ts":1782403015058,"kind":"power","power":{"FVE":"7.6 kW","Baterie":"2.0 kW","Síť":"0.6 kW","Dům":"9.0 kW"}}
{"ts":1782403135109,"kind":"power","power":{"FVE":"7.5 kW","Baterie":"1.6 kW","Síť":"0.0 kW","Dům":"4.1 kW"}}
{"ts":1782403255127,"kind":"power","power":{"FVE":"7.4 kW","Baterie":"2.1 kW","Síť":"0.2 kW","Dům":"3.3 kW"}}
{"ts":1782403375155,"kind":"power","power":{"FVE":"7.3 kW","Baterie":"0.9 kW","Síť":"0.1 kW","Dům":"6.7 kW"}}
{"ts":1782403495170,"kind":"power","power":{"FVE":"7.3 kW","Baterie":"1.3 kW","Síť":"0.1 kW","Dům":"4.3 kW"}}
{"ts":1782403615216,"kind":"power","power":{"FVE":"7.1 kW","Baterie":"2.1 kW","Síť":"0.1 kW","Dům":"4.1 kW"}}
{"ts":1782403735237,"kind":"power","power":{"FVE":"7.1 kW","Baterie":"2.0 kW","Síť":"0.1 kW","Dům":"3.4 kW"}}
{"ts":1782403855267,"kind":"power","power":{"FVE":"7.0 kW","Baterie":"0.7 kW","Síť":"0.0 kW","Dům":"4.4 kW"}}
{"ts":1782403975295,"kind":"power","power":{"FVE":"6.8 kW","Baterie":"0.3 kW","Síť":"0.0 kW","Dům":"6.4 kW"}}
{"ts":1782404095329,"kind":"power","power":{"FVE":"6.7 kW","Baterie":"0.2 kW","Síť":"0.0 kW","Dům":"5.6 kW"}}
{"ts":1782404215355,"kind":"power","power":{"FVE":"6.6 kW","Baterie":"0.6 kW","Síť":"0.0 kW","Dům":"5.4 kW"}}
{"ts":1782404335375,"kind":"power","power":{"FVE":"6.5 kW","Baterie":"0.2 kW","Síť":"0.1 kW","Dům":"4.9 kW"}}
{"ts":1782404455417,"kind":"power","power":{"FVE":"6.3 kW","Baterie":"0.7 kW","Síť":"0.0 kW","Dům":"3.6 kW"}}
{"ts":1782404575440,"kind":"power","power":{"FVE":"6.2 kW","Baterie":"0.6 kW","Síť":"0.0 kW","Dům":"3.8 kW"}}
{"ts":1782404695475,"kind":"power","power":{"FVE":"6.3 kW","Baterie":"1.9 kW","Síť":"0.0 kW","Dům":"7.7 kW"}}
{"ts":1782404815502,"kind":"power","power":{"FVE":"6.1 kW","Baterie":"4.8 kW","Síť":"0.0 kW","Dům":"10.8 kW"}}
{"ts":1782404935521,"kind":"power","power":{"FVE":"6.0 kW","Baterie":"3.2 kW","Síť":"0.0 kW","Dům":"9.2 kW"}}
{"ts":1782405055532,"kind":"power","power":{"FVE":"6.0 kW","Baterie":"1.5 kW","Síť":"0.1 kW","Dům":"7.4 kW"}}
{"ts":1782405175562,"kind":"power","power":{"FVE":"5.9 kW","Baterie":"2.0 kW","Síť":"0.5 kW","Dům":"7.4 kW"}}
{"ts":1782405295588,"kind":"power","power":{"FVE":"5.8 kW","Baterie":"3.5 kW","Síť":"0.4 kW","Dům":"9.5 kW"}}
{"ts":1782405415621,"kind":"power","power":{"FVE":"5.7 kW","Baterie":"0.3 kW","Síť":"0.1 kW","Dům":"5.5 kW"}}
{"ts":1782405535650,"kind":"power","power":{"FVE":"5.6 kW","Baterie":"3.6 kW","Síť":"0.3 kW","Dům":"9.3 kW"}}
{"ts":1782405655679,"kind":"power","power":{"FVE":"5.4 kW","Baterie":"0.8 kW","Síť":"0.0 kW","Dům":"6.2 kW"}}
{"ts":1782405775711,"kind":"power","power":{"FVE":"5.3 kW","Baterie":"1.0 kW","Síť":"0.0 kW","Dům":"6.2 kW"}}
{"ts":1782405895739,"kind":"power","power":{"FVE":"5.2 kW","Baterie":"0.5 kW","Síť":"0.1 kW","Dům":"4.6 kW"}}
{"ts":1782406015774,"kind":"power","power":{"FVE":"5.1 kW","Baterie":"0.0 kW","Síť":"0.0 kW","Dům":"4.1 kW"}}
{"ts":1782406135793,"kind":"power","power":{"FVE":"5.0 kW","Baterie":"0.3 kW","Síť":"0.0 kW","Dům":"3.4 kW"}}
{"ts":1782406255819,"kind":"power","power":{"FVE":"4.9 kW","Baterie":"0.0 kW","Síť":"0.0 kW","Dům":"3.2 kW"}}
{"ts":1782406375848,"kind":"power","power":{"FVE":"4.9 kW","Baterie":"0.4 kW","Síť":"0.0 kW","Dům":"5.1 kW"}}
{"ts":1782406495885,"kind":"power","power":{"FVE":"4.4 kW","Baterie":"0.4 kW","Síť":"0.0 kW","Dům":"3.8 kW"}}
{"ts":1782406615919,"kind":"power","power":{"FVE":"4.6 kW","Baterie":"3.0 kW","Síť":"0.2 kW","Dům":"7.8 kW"}}
{"ts":1782406735922,"kind":"power","power":{"FVE":"4.5 kW","Baterie":"0.4 kW","Síť":"0.1 kW","Dům":"3.3 kW"}}
{"ts":1782406855944,"kind":"power","power":{"FVE":"4.5 kW","Baterie":"0.2 kW","Síť":"0.1 kW","Dům":"3.5 kW"}}
{"ts":1782406975988,"kind":"power","power":{"FVE":"4.4 kW","Baterie":"0.4 kW","Síť":"0.1 kW","Dům":"3.7 kW"}}
{"ts":1782407096011,"kind":"power","power":{"FVE":"4.2 kW","Baterie":"0.2 kW","Síť":"0.1 kW","Dům":"3.5 kW"}}
{"ts":1782407216034,"kind":"power","power":{"FVE":"4.2 kW","Baterie":"0.2 kW","Síť":"0.0 kW","Dům":"3.4 kW"}}
{"ts":1782407336059,"kind":"power","power":{"FVE":"4.0 kW","Baterie":"0.1 kW","Síť":"0.1 kW","Dům":"3.3 kW"}}
{"ts":1782407456093,"kind":"power","power":{"FVE":"3.9 kW","Baterie":"0.4 kW","Síť":"0.0 kW","Dům":"3.4 kW"}}
{"ts":1782407576122,"kind":"power","power":{"FVE":"3.8 kW","Baterie":"0.2 kW","Síť":"0.0 kW","Dům":"3.5 kW"}}
{"ts":1782407696141,"kind":"power","power":{"FVE":"3.7 kW","Baterie":"0.3 kW","Síť":"0.0 kW","Dům":"3.5 kW"}}
{"ts":1782407816186,"kind":"power","power":{"FVE":"3.6 kW","Baterie":"0.4 kW","Síť":"0.1 kW","Dům":"3.6 kW"}}
{"ts":1782407936203,"kind":"power","power":{"FVE":"3.6 kW","Baterie":"2.0 kW","Síť":"0.0 kW","Dům":"5.5 kW"}}
{"ts":1782408056230,"kind":"power","power":{"FVE":"3.4 kW","Baterie":"0.0 kW","Síť":"0.0 kW","Dům":"3.2 kW"}}
{"ts":1782408176257,"kind":"power","power":{"FVE":"3.4 kW","Baterie":"2.3 kW","Síť":"0.1 kW","Dům":"5.7 kW"}}
{"ts":1782408296288,"kind":"power","power":{"FVE":"3.3 kW","Baterie":"2.5 kW","Síť":"0.0 kW","Dům":"5.8 kW"}}
{"ts":1782408416275,"kind":"power","power":{"FVE":"3.1 kW","Baterie":"2.6 kW","Síť":"0.0 kW","Dům":"5.8 kW"}}
{"ts":1782408536321,"kind":"power","power":{"FVE":"3.0 kW","Baterie":"5.0 kW","Síť":"1.8 kW","Dům":"6.1 kW"}}
{"ts":1782408656336,"kind":"power","power":{"FVE":"2.9 kW","Baterie":"0.6 kW","Síť":"0.0 kW","Dům":"3.5 kW"}}
{"ts":1782408776394,"kind":"power","power":{"FVE":"2.8 kW","Baterie":"6.2 kW","Síť":"0.5 kW","Dům":"9.4 kW"}}
{"ts":1782408896411,"kind":"power","power":{"FVE":"2.7 kW","Baterie":"1.0 kW","Síť":"0.1 kW","Dům":"3.8 kW"}}
{"ts":1782409016416,"kind":"power","power":{"FVE":"2.5 kW","Baterie":"1.2 kW","Síť":"0.0 kW","Dům":"3.8 kW"}}
{"ts":1782409136444,"kind":"power","power":{"FVE":"2.5 kW","Baterie":"1.9 kW","Síť":"0.1 kW","Dům":"4.5 kW"}}
{"ts":1782409256461,"kind":"power","power":{"FVE":"2.3 kW","Baterie":"1.4 kW","Síť":"0.1 kW","Dům":"3.8 kW"}}
{"ts":1782409376487,"kind":"power","power":{"FVE":"2.3 kW","Baterie":"3.5 kW","Síť":"0.0 kW","Dům":"5.8 kW"}}
{"ts":1782409496508,"kind":"power","power":{"FVE":"2.2 kW","Baterie":"3.7 kW","Síť":"0.0 kW","Dům":"5.9 kW"}}
{"ts":1782409616533,"kind":"power","power":{"FVE":"2.2 kW","Baterie":"3.5 kW","Síť":"0.0 kW","Dům":"5.7 kW"}}
{"ts":1782409736549,"kind":"power","power":{"FVE":"2.2 kW","Baterie":"12.7 kW","Síť":"0.0 kW","Dům":"14.8 kW"}}
{"ts":1782409856576,"kind":"power","power":{"FVE":"2.1 kW","Baterie":"11.7 kW","Síť":"0.0 kW","Dům":"13.9 kW"}}
{"ts":1782409976588,"kind":"power","power":{"FVE":"1.9 kW","Baterie":"2.0 kW","Síť":"0.0 kW","Dům":"3.9 kW"}}
{"ts":1782410096610,"kind":"power","power":{"FVE":"1.8 kW","Baterie":"2.1 kW","Síť":"0.0 kW","Dům":"4.0 kW"}}
{"ts":1782410216637,"kind":"power","power":{"FVE":"1.8 kW","Baterie":"8.2 kW","Síť":"0.0 kW","Dům":"10.1 kW"}}
{"ts":1782410336654,"kind":"power","power":{"FVE":"1.6 kW","Baterie":"2.2 kW","Síť":"0.0 kW","Dům":"3.9 kW"}}
{"ts":1782410456702,"kind":"power","power":{"FVE":"1.6 kW","Baterie":"8.4 kW","Síť":"0.0 kW","Dům":"10.0 kW"}}
{"ts":1782410576732,"kind":"power","power":{"FVE":"1.6 kW","Baterie":"8.2 kW","Síť":"0.0 kW","Dům":"9.8 kW"}}
{"ts":1782410696741,"kind":"power","power":{"FVE":"1.5 kW","Baterie":"8.5 kW","Síť":"0.0 kW","Dům":"10.0 kW"}}
{"ts":1782410816779,"kind":"power","power":{"FVE":"1.5 kW","Baterie":"8.6 kW","Síť":"0.0 kW","Dům":"10.1 kW"}}
{"ts":1782410936801,"kind":"power","power":{"FVE":"1.5 kW","Baterie":"8.7 kW","Síť":"0.0 kW","Dům":"10.2 kW"}}
{"ts":1782411056829,"kind":"power","power":{"FVE":"1.4 kW","Baterie":"8.5 kW","Síť":"0.0 kW","Dům":"10.0 kW"}}
{"ts":1782411176852,"kind":"power","power":{"FVE":"1.3 kW","Baterie":"8.6 kW","Síť":"0.1 kW","Dům":"10.0 kW"}}
{"ts":1782411296885,"kind":"power","power":{"FVE":"1.1 kW","Baterie":"2.5 kW","Síť":"0.0 kW","Dům":"3.6 kW"}}
{"ts":1782411416910,"kind":"power","power":{"FVE":"1.0 kW","Baterie":"2.6 kW","Síť":"0.0 kW","Dům":"3.7 kW"}}
{"ts":1782411536940,"kind":"power","power":{"FVE":"1.0 kW","Baterie":"2.5 kW","Síť":"0.0 kW","Dům":"3.5 kW"}}
{"ts":1782411613913,"kind":"power","power":{"FVE":"0.9 kW","Baterie":"2.6 kW","Síť":"0.0 kW","Dům":"3.5 kW"}}
{"ts":1782411656941,"kind":"power","power":{"FVE":"0.9 kW","Baterie":"2.5 kW","Síť":"0.0 kW","Dům":"3.4 kW"}}
{"ts":1782411776947,"kind":"power","power":{"FVE":"0.8 kW","Baterie":"2.8 kW","Síť":"0.1 kW","Dům":"3.7 kW"}}
{"ts":1782411896946,"kind":"power","power":{"FVE":"0.8 kW","Baterie":"2.8 kW","Síť":"0.1 kW","Dům":"3.7 kW"}}
{"ts":1782412016971,"kind":"power","power":{"FVE":"0.7 kW","Baterie":"2.9 kW","Síť":"0.0 kW","Dům":"3.7 kW"}}
{"ts":1782412136954,"kind":"power","power":{"FVE":"0.7 kW","Baterie":"2.9 kW","Síť":"0.0 kW","Dům":"3.7 kW"}}
{"ts":1782412256940,"kind":"power","power":{"FVE":"0.6 kW","Baterie":"3.0 kW","Síť":"0.0 kW","Dům":"3.7 kW"}}
{"ts":1782412376960,"kind":"power","power":{"FVE":"0.6 kW","Baterie":"3.1 kW","Síť":"0.0 kW","Dům":"3.7 kW"}}
{"ts":1782412496968,"kind":"power","power":{"FVE":"0.5 kW","Baterie":"3.2 kW","Síť":"0.0 kW","Dům":"3.8 kW"}}
{"ts":1782412616975,"kind":"power","power":{"FVE":"0.5 kW","Baterie":"3.2 kW","Síť":"0.0 kW","Dům":"3.7 kW"}}
{"ts":1782412736960,"kind":"power","power":{"FVE":"0.5 kW","Baterie":"3.2 kW","Síť":"0.0 kW","Dům":"3.7 kW"}}
{"ts":1782412856968,"kind":"power","power":{"FVE":"0.5 kW","Baterie":"4.8 kW","Síť":"0.1 kW","Dům":"5.4 kW"}}
{"ts":1782412976963,"kind":"power","power":{"FVE":"0.4 kW","Baterie":"3.3 kW","Síť":"0.0 kW","Dům":"3.7 kW"}}
{"ts":1782413096965,"kind":"power","power":{"FVE":"0.4 kW","Baterie":"4.0 kW","Síť":"0.2 kW","Dům":"4.6 kW"}}
{"ts":1782413216975,"kind":"power","power":{"FVE":"0.4 kW","Baterie":"3.3 kW","Síť":"0.0 kW","Dům":"3.7 kW"}}
{"ts":1782413336967,"kind":"power","power":{"FVE":"0.4 kW","Baterie":"3.6 kW","Síť":"0.0 kW","Dům":"4.0 kW"}}
{"ts":1782413426934,"kind":"power","power":{"FVE":"0.3 kW","Baterie":"3.6 kW","Síť":"0.0 kW","Dům":"3.9 kW"}}
{"ts":1782413456960,"kind":"power","power":{"FVE":"0.3 kW","Baterie":"4.4 kW","Síť":"0.1 kW","Dům":"4.8 kW"}}
{"ts":1782414357464,"kind":"power","power":{"FVE":"0.2 kW","Baterie":"3.6 kW","Síť":"0.1 kW","Dům":"3.9 kW"}}
{"ts":1782414473323,"kind":"power","power":{"FVE":"0.2 kW","Baterie":"10.0 kW","Síť":"0.0 kW","Dům":"10.2 kW"}}
{"ts":1782414527263,"kind":"power","power":{"FVE":"0.2 kW","Baterie":"10.0 kW","Síť":"0.1 kW","Dům":"10.2 kW"}}
{"ts":1782414671559,"kind":"power","power":{"FVE":"0.1 kW","Baterie":"9.8 kW","Síť":"0.0 kW","Dům":"10.0 kW"}}
{"ts":1782414789086,"kind":"power","power":{"FVE":"0.1 kW","Baterie":"9.8 kW","Síť":"0.1 kW","Dům":"9.9 kW"}}
{"ts":1782414909060,"kind":"power","power":{"FVE":"0.1 kW","Baterie":"9.8 kW","Síť":"0.0 kW","Dům":"9.9 kW"}}
{"ts":1782415029070,"kind":"power","power":{"FVE":"0.1 kW","Baterie":"9.9 kW","Síť":"0.0 kW","Dům":"10.0 kW"}}
{"ts":1782415120168,"kind":"power","power":{"FVE":"0.1 kW","Baterie":"9.9 kW","Síť":"0.0 kW","Dům":"10.0 kW"}}
{"ts":1782415233972,"kind":"power","power":{"FVE":"0.0 kW","Baterie":"9.8 kW","Síť":"0.0 kW","Dům":"9.9 kW"}}
{"ts":1782415346603,"kind":"power","power":{"FVE":"0.0 kW","Baterie":"9.7 kW","Síť":"0.1 kW","Dům":"9.8 kW"}}
{"ts":1782415457070,"kind":"power","power":{"FVE":"0.0 kW","Baterie":"10.0 kW","Síť":"0.0 kW","Dům":"10.0 kW"}}
{"ts":1782415577107,"kind":"power","power":{"FVE":"0.0 kW","Baterie":"10.0 kW","Síť":"0.1 kW","Dům":"10.1 kW"}}
{"ts":1782415627971,"kind":"power","power":{"FVE":"0.0 kW","Baterie":"9.9 kW","Síť":"0.0 kW","Dům":"10.0 kW"}}
{"ts":1782415667194,"kind":"power","power":{"FVE":"0.0 kW","Baterie":"9.9 kW","Síť":"0.0 kW","Dům":"10.0 kW"}}
{"ts":1782415678653,"kind":"power","power":{"FVE":"0.0 kW","Baterie":"9.9 kW","Síť":"0.0 kW","Dům":"10.0 kW"}}
{"ts":1782415682559,"kind":"power","power":{"FVE":"0.0 kW","Baterie":"9.9 kW","Síť":"0.0 kW","Dům":"10.0 kW"}}
{"ts":1782415686202,"kind":"power","power":{"FVE":"0.0 kW","Baterie":"9.9 kW","Síť":"0.0 kW","Dům":"10.0 kW"}}
{"ts":1782454282222,"kind":"power","power":{"FVE":"6.3 kW","Baterie":"7.1 kW","Síť":"0.2 kW","Dům":"0.0 kW"}}
{"ts":1782454398638,"kind":"power","power":{"FVE":"6.5 kW","Baterie":"1.1 kW","Síť":"0.1 kW","Dům":"5.5 kW"}}
{"ts":1782454518668,"kind":"power","power":{"FVE":"6.5 kW","Baterie":"0.8 kW","Síť":"0.1 kW","Dům":"5.6 kW"}}
{"ts":1782454638638,"kind":"power","power":{"FVE":"6.6 kW","Baterie":"0.9 kW","Síť":"0.1 kW","Dům":"7.6 kW"}}
{"ts":1782454758657,"kind":"power","power":{"FVE":"6.7 kW","Baterie":"1.5 kW","Síť":"0.1 kW","Dům":"5.3 kW"}}
{"ts":1782454878653,"kind":"power","power":{"FVE":"6.8 kW","Baterie":"0.0 kW","Síť":"0.9 kW","Dům":"6.0 kW"}}
{"ts":1782454930212,"kind":"power","power":{"FVE":"6.9 kW","Baterie":"8.1 kW","Síť":"0.1 kW","Dům":"0.0 kW"}}
{"ts":1782455046918,"kind":"power","power":{"FVE":"7.0 kW","Baterie":"7.7 kW","Síť":"0.1 kW","Dům":"0.0 kW"}}
{"ts":1782455166915,"kind":"power","power":{"FVE":"7.1 kW","Baterie":"7.9 kW","Síť":"0.2 kW","Dům":"0.0 kW"}}
{"ts":1782455286910,"kind":"power","power":{"FVE":"7.1 kW","Baterie":"8.1 kW","Síť":"0.1 kW","Dům":"0.0 kW"}}
{"ts":1782455406910,"kind":"power","power":{"FVE":"7.2 kW","Baterie":"8.4 kW","Síť":"0.1 kW","Dům":"0.0 kW"}}
{"ts":1782455526907,"kind":"power","power":{"FVE":"7.3 kW","Baterie":"2.3 kW","Síť":"0.1 kW","Dům":"4.9 kW"}}
{"ts":1782455646922,"kind":"power","power":{"FVE":"7.4 kW","Baterie":"2.7 kW","Síť":"0.2 kW","Dům":"5.0 kW"}}
{"ts":1782455662450,"kind":"power","power":{"FVE":"7.4 kW","Baterie":"8.6 kW","Síť":"0.1 kW","Dům":"0.0 kW"}}
{"ts":1782455666416,"kind":"power","power":{"FVE":"7.4 kW","Baterie":"8.7 kW","Síť":"0.1 kW","Dům":"0.0 kW"}}
{"ts":1782455670083,"kind":"power","power":{"FVE":"7.4 kW","Baterie":"8.7 kW","Síť":"0.1 kW","Dům":"0.0 kW"}}
{"ts":1782455673762,"kind":"power","power":{"FVE":"7.4 kW","Baterie":"8.5 kW","Síť":"0.1 kW","Dům":"0.0 kW"}}
{"ts":1782455677478,"kind":"power","power":{"FVE":"7.4 kW","Baterie":"8.4 kW","Síť":"0.0 kW","Dům":"0.0 kW"}}
{"ts":1782455766914,"kind":"power","power":{"FVE":"7.5 kW","Baterie":"8.7 kW","Síť":"0.0 kW","Dům":"0.0 kW"}}
{"ts":1782455886927,"kind":"power","power":{"FVE":"7.6 kW","Baterie":"8.4 kW","Síť":"0.1 kW","Dům":"0.0 kW"}}
{"ts":1782456006930,"kind":"power","power":{"FVE":"7.7 kW","Baterie":"8.9 kW","Síť":"0.0 kW","Dům":"0.0 kW"}}
{"ts":1782456126937,"kind":"power","power":{"FVE":"7.7 kW","Baterie":"8.9 kW","Síť":"0.0 kW","Dům":"0.0 kW"}}
{"ts":1782456248400,"kind":"power","power":{"FVE":"7.9 kW","Baterie":"9.1 kW","Síť":"0.2 kW","Dům":"0.0 kW"}}
{"ts":1782456262871,"kind":"power","power":{"FVE":"7.9 kW","Baterie":"8.7 kW","Síť":"0.1 kW","Dům":"0.0 kW"}}
{"ts":1782456266772,"kind":"power","power":{"FVE":"7.8 kW","Baterie":"9.1 kW","Síť":"0.1 kW","Dům":"0.0 kW"}}
{"ts":1782456270501,"kind":"power","power":{"FVE":"7.8 kW","Baterie":"9.1 kW","Síť":"0.1 kW","Dům":"0.0 kW"}}
{"ts":1782456274880,"kind":"power","power":{"FVE":"7.8 kW","Baterie":"8.9 kW","Síť":"0.2 kW","Dům":"0.0 kW"}}
{"ts":1782456349054,"kind":"power","power":{"FVE":"7.9 kW","Baterie":"3.2 kW","Síť":"1.1 kW","Dům":"5.8 kW"}}
{"ts":1782456456266,"kind":"power","power":{"FVE":"8.0 kW","Baterie":"3.2 kW","Síť":"0.2 kW","Dům":"5.0 kW"}}
{"ts":1782456576272,"kind":"power","power":{"FVE":"8.1 kW","Baterie":"3.8 kW","Síť":"0.1 kW","Dům":"4.4 kW"}}
{"ts":1782456686246,"kind":"power","power":{"FVE":"8.2 kW","Baterie":"9.7 kW","Síť":"0.1 kW","Dům":"0.0 kW"}}
{"ts":1782456802441,"kind":"power","power":{"FVE":"8.3 kW","Baterie":"9.3 kW","Síť":"0.0 kW","Dům":"0.0 kW"}}
{"ts":1782456922450,"kind":"power","power":{"FVE":"8.4 kW","Baterie":"9.5 kW","Síť":"0.1 kW","Dům":"0.0 kW"}}
{"ts":1782457042458,"kind":"power","power":{"FVE":"8.4 kW","Baterie":"10.3 kW","Síť":"0.0 kW","Dům":"0.0 kW"}}
{"ts":1782457162462,"kind":"power","power":{"FVE":"8.5 kW","Baterie":"10.1 kW","Síť":"0.2 kW","Dům":"0.0 kW"}}
{"ts":1782457282490,"kind":"power","power":{"FVE":"8.6 kW","Baterie":"3.7 kW","Síť":"0.2 kW","Dům":"5.2 kW"}}
{"ts":1782457402521,"kind":"power","power":{"FVE":"8.7 kW","Baterie":"10.5 kW","Síť":"0.0 kW","Dům":"0.0 kW"}}
{"ts":1782457522520,"kind":"power","power":{"FVE":"8.8 kW","Baterie":"10.6 kW","Síť":"0.1 kW","Dům":"0.0 kW"}}
{"ts":1782457642558,"kind":"power","power":{"FVE":"8.8 kW","Baterie":"10.3 kW","Síť":"0.0 kW","Dům":"0.0 kW"}}
{"ts":1782457762589,"kind":"power","power":{"FVE":"9.0 kW","Baterie":"10.5 kW","Síť":"0.1 kW","Dům":"0.0 kW"}}
{"ts":1782457882606,"kind":"power","power":{"FVE":"9.1 kW","Baterie":"10.4 kW","Síť":"0.0 kW","Dům":"0.0 kW"}}
{"ts":1782458002633,"kind":"power","power":{"FVE":"9.2 kW","Baterie":"10.4 kW","Síť":"0.2 kW","Dům":"0.0 kW"}}
{"ts":1782458122668,"kind":"power","power":{"FVE":"9.2 kW","Baterie":"10.6 kW","Síť":"0.0 kW","Dům":"0.0 kW"}}
{"ts":1782458242672,"kind":"power","power":{"FVE":"9.4 kW","Baterie":"10.8 kW","Síť":"0.0 kW","Dům":"0.0 kW"}}
{"ts":1782458362699,"kind":"power","power":{"FVE":"9.5 kW","Baterie":"10.9 kW","Síť":"0.1 kW","Dům":"0.0 kW"}}
{"ts":1782458482725,"kind":"power","power":{"FVE":"9.5 kW","Baterie":"11.0 kW","Síť":"0.0 kW","Dům":"0.0 kW"}}
{"ts":1782458602745,"kind":"power","power":{"FVE":"9.7 kW","Baterie":"11.1 kW","Síť":"0.1 kW","Dům":"0.0 kW"}}
{"ts":1782458722776,"kind":"power","power":{"FVE":"9.7 kW","Baterie":"11.3 kW","Síť":"0.0 kW","Dům":"0.0 kW"}}
{"ts":1782458842791,"kind":"power","power":{"FVE":"9.8 kW","Baterie":"5.2 kW","Síť":"0.1 kW","Dům":"4.6 kW"}}
{"ts":1782458962824,"kind":"power","power":{"FVE":"9.9 kW","Baterie":"11.5 kW","Síť":"0.0 kW","Dům":"0.0 kW"}}
{"ts":1782459082841,"kind":"power","power":{"FVE":"10.0 kW","Baterie":"11.7 kW","Síť":"0.1 kW","Dům":"0.0 kW"}}
{"ts":1782459202863,"kind":"power","power":{"FVE":"10.1 kW","Baterie":"11.5 kW","Síť":"0.1 kW","Dům":"0.0 kW"}}
{"ts":1782459322870,"kind":"power","power":{"FVE":"10.2 kW","Baterie":"12.2 kW","Síť":"0.1 kW","Dům":"0.0 kW"}}
{"ts":1782459442904,"kind":"power","power":{"FVE":"10.3 kW","Baterie":"11.8 kW","Síť":"0.2 kW","Dům":"0.0 kW"}}
{"ts":1782459562925,"kind":"power","power":{"FVE":"10.4 kW","Baterie":"12.2 kW","Síť":"0.1 kW","Dům":"0.0 kW"}}
{"ts":1782459682952,"kind":"power","power":{"FVE":"10.4 kW","Baterie":"12.2 kW","Síť":"0.0 kW","Dům":"0.0 kW"}}
{"ts":1782459803298,"kind":"power","power":{"FVE":"10.5 kW","Baterie":"12.6 kW","Síť":"0.0 kW","Dům":"0.0 kW"}}
{"ts":1782459923001,"kind":"power","power":{"FVE":"10.6 kW","Baterie":"12.5 kW","Síť":"0.1 kW","Dům":"0.0 kW"}}
{"ts":1782460043034,"kind":"power","power":{"FVE":"10.7 kW","Baterie":"12.5 kW","Síť":"0.0 kW","Dům":"0.0 kW"}}
{"ts":1782460163054,"kind":"power","power":{"FVE":"10.8 kW","Baterie":"13.2 kW","Síť":"0.0 kW","Dům":"0.0 kW"}}
{"ts":1782460283061,"kind":"power","power":{"FVE":"10.8 kW","Baterie":"13.0 kW","Síť":"0.0 kW","Dům":"0.0 kW"}}
{"ts":1782460403089,"kind":"power","power":{"FVE":"10.9 kW","Baterie":"13.3 kW","Síť":"0.0 kW","Dům":"0.0 kW"}}
{"ts":1782460523111,"kind":"power","power":{"FVE":"11.0 kW","Baterie":"13.0 kW","Síť":"0.0 kW","Dům":"0.0 kW"}}
{"ts":1782460643137,"kind":"power","power":{"FVE":"11.0 kW","Baterie":"13.3 kW","Síť":"0.0 kW","Dům":"0.0 kW"}}
{"ts":1782460763150,"kind":"power","power":{"FVE":"11.1 kW","Baterie":"13.2 kW","Síť":"0.2 kW","Dům":"0.0 kW"}}
{"ts":1782460883186,"kind":"power","power":{"FVE":"11.2 kW","Baterie":"7.0 kW","Síť":"0.1 kW","Dům":"4.4 kW"}}
{"ts":1782461003190,"kind":"power","power":{"FVE":"11.3 kW","Baterie":"13.7 kW","Síť":"0.1 kW","Dům":"0.0 kW"}}
{"ts":1782461123225,"kind":"power","power":{"FVE":"11.4 kW","Baterie":"13.6 kW","Síť":"0.1 kW","Dům":"0.0 kW"}}
{"ts":1782461243250,"kind":"power","power":{"FVE":"11.5 kW","Baterie":"13.7 kW","Síť":"0.1 kW","Dům":"0.0 kW"}}
{"ts":1782461363290,"kind":"power","power":{"FVE":"11.5 kW","Baterie":"14.0 kW","Síť":"0.1 kW","Dům":"0.0 kW"}}
{"ts":1782461483296,"kind":"power","power":{"FVE":"11.6 kW","Baterie":"14.0 kW","Síť":"0.1 kW","Dům":"0.0 kW"}}
{"ts":1782461603313,"kind":"power","power":{"FVE":"11.6 kW","Baterie":"14.0 kW","Síť":"0.1 kW","Dům":"0.0 kW"}}
{"ts":1782461723336,"kind":"power","power":{"FVE":"11.7 kW","Baterie":"8.1 kW","Síť":"0.1 kW","Dům":"3.5 kW"}}
{"ts":1782461843364,"kind":"power","power":{"FVE":"11.8 kW","Baterie":"8.2 kW","Síť":"0.1 kW","Dům":"3.7 kW"}}
{"ts":1782461963396,"kind":"power","power":{"FVE":"11.8 kW","Baterie":"14.4 kW","Síť":"0.1 kW","Dům":"0.0 kW"}}
{"ts":1782462083414,"kind":"power","power":{"FVE":"11.9 kW","Baterie":"13.9 kW","Síť":"0.1 kW","Dům":"0.0 kW"}}
{"ts":1782462203438,"kind":"power","power":{"FVE":"12.0 kW","Baterie":"13.9 kW","Síť":"0.2 kW","Dům":"0.0 kW"}}
{"ts":1782462323454,"kind":"power","power":{"FVE":"12.0 kW","Baterie":"14.1 kW","Síť":"0.0 kW","Dům":"0.0 kW"}}
{"ts":1782462443490,"kind":"power","power":{"FVE":"12.1 kW","Baterie":"8.1 kW","Síť":"0.0 kW","Dům":"4.0 kW"}}
{"ts":1782462563506,"kind":"power","power":{"FVE":"12.1 kW","Baterie":"14.0 kW","Síť":"0.2 kW","Dům":"0.0 kW"}}
{"ts":1782462683532,"kind":"power","power":{"FVE":"12.1 kW","Baterie":"14.3 kW","Síť":"0.1 kW","Dům":"0.0 kW"}}
{"ts":1782462803562,"kind":"power","power":{"FVE":"12.2 kW","Baterie":"14.6 kW","Síť":"0.1 kW","Dům":"0.0 kW"}}
{"ts":1782462923584,"kind":"power","power":{"FVE":"12.3 kW","Baterie":"14.8 kW","Síť":"0.0 kW","Dům":"0.0 kW"}}
{"ts":1782463043579,"kind":"power","power":{"FVE":"12.4 kW","Baterie":"8.5 kW","Síť":"0.1 kW","Dům":"3.8 kW"}}
{"ts":1782463163599,"kind":"power","power":{"FVE":"12.4 kW","Baterie":"9.8 kW","Síť":"0.1 kW","Dům":"2.5 kW"}}
{"ts":1782463283642,"kind":"power","power":{"FVE":"12.5 kW","Baterie":"14.7 kW","Síť":"0.0 kW","Dům":"0.0 kW"}}
{"ts":1782463403659,"kind":"power","power":{"FVE":"12.5 kW","Baterie":"14.8 kW","Síť":"0.0 kW","Dům":"0.0 kW"}}
{"ts":1782463523680,"kind":"power","power":{"FVE":"12.7 kW","Baterie":"15.0 kW","Síť":"0.0 kW","Dům":"0.0 kW"}}
{"ts":1782463643710,"kind":"power","power":{"FVE":"12.8 kW","Baterie":"15.1 kW","Síť":"0.0 kW","Dům":"0.0 kW"}}
{"ts":1782463763736,"kind":"power","power":{"FVE":"12.9 kW","Baterie":"15.2 kW","Síť":"0.1 kW","Dům":"0.0 kW"}}
{"ts":1782463883764,"kind":"power","power":{"FVE":"12.9 kW","Baterie":"15.2 kW","Síť":"0.1 kW","Dům":"0.0 kW"}}
{"ts":1782464003783,"kind":"power","power":{"FVE":"12.9 kW","Baterie":"15.2 kW","Síť":"0.0 kW","Dům":"0.0 kW"}}
{"ts":1782464123822,"kind":"power","power":{"FVE":"13.0 kW","Baterie":"9.0 kW","Síť":"0.1 kW","Dům":"3.9 kW"}}
{"ts":1782464243832,"kind":"power","power":{"FVE":"13.0 kW","Baterie":"11.0 kW","Síť":"0.0 kW","Dům":"0.0 kW"}}
{"ts":1782464363854,"kind":"power","power":{"FVE":"13.1 kW","Baterie":"13.3 kW","Síť":"0.1 kW","Dům":"0.0 kW"}}
{"ts":1782464483891,"kind":"power","power":{"FVE":"13.1 kW","Baterie":"15.6 kW","Síť":"0.0 kW","Dům":"0.0 kW"}}
{"ts":1782464603896,"kind":"power","power":{"FVE":"13.2 kW","Baterie":"15.7 kW","Síť":"0.0 kW","Dům":"0.0 kW"}}
{"ts":1782464723922,"kind":"power","power":{"FVE":"13.3 kW","Baterie":"15.8 kW","Síť":"0.0 kW","Dům":"0.0 kW"}}
{"ts":1782464843948,"kind":"power","power":{"FVE":"13.3 kW","Baterie":"9.7 kW","Síť":"0.0 kW","Dům":"3.6 kW"}}
{"ts":1782464963982,"kind":"power","power":{"FVE":null,"Baterie":null,"Síť":null,"Dům":null}}
{"ts":1782465084008,"kind":"power","power":{"FVE":null,"Baterie":null,"Síť":null,"Dům":null}}
{"ts":1782465204030,"kind":"power","power":{"FVE":null,"Baterie":null,"Síť":null,"Dům":null}}
{"ts":1782465324062,"kind":"power","power":{"FVE":null,"Baterie":null,"Síť":null,"Dům":null}}
{"ts":1782465444351,"kind":"power","power":{"FVE":null,"Baterie":null,"Síť":null,"Dům":null}}
{"ts":1782465564136,"kind":"power","power":{"FVE":null,"Baterie":null,"Síť":null,"Dům":null}}
{"ts":1782465684136,"kind":"power","power":{"FVE":"13.6 kW","Baterie":"16.6 kW","Síť":"0.0 kW","Dům":"0.0 kW"}}
{"ts":1782465760900,"kind":"power","power":{"FVE":"13.8 kW","Baterie":"11.8 kW","Síť":"1.2 kW","Dům":"3.2 kW"}}
{"ts":1782465804132,"kind":"power","power":{"FVE":"13.7 kW","Baterie":"8.8 kW","Síť":"0.1 kW","Dům":"4.9 kW"}}
{"ts":1782465924124,"kind":"power","power":{"FVE":"3.7 kW","Baterie":"0.0 kW","Síť":"0.4 kW","Dům":"3.3 kW"}}
{"ts":1782466046385,"kind":"power","power":{"FVE":"1.5 kW","Baterie":"0.8 kW","Síť":"0.2 kW","Dům":"2.5 kW"}}
2026-06-26T09:27:34.224Z state -> busy
2026-06-26T09:27:37.470Z state -> logged_in
2026-06-26T09:27:37.470Z state -> ready
{"ts":1782466054401,"kind":"power","power":{"FVE":"1.5 kW","Baterie":"1.4 kW","Síť":"0.2 kW","Dům":"3.1 kW"}}
2026-06-26T09:28:04.229Z state -> busy
2026-06-26T09:28:05.231Z state -> ready
{"ts":1782466084355,"kind":"power","power":{"FVE":null,"Baterie":null,"Síť":null,"Dům":null}}
{"ts":1782466114462,"kind":"power","power":{"FVE":null,"Baterie":null,"Síť":null,"Dům":null}}
{"ts":1782466337311,"kind":"power","power":{"FVE":"0.4 kW","Baterie":"8.9 kW","Síť":"0.1 kW","Dům":"9.4 kW"}}
{"ts":1782466422760,"kind":"power","power":{"FVE":"0.2 kW","Baterie":"3.5 kW","Síť":"0.4 kW","Dům":"3.3 kW"}}
2026-06-26T09:34:10.624Z state -> busy
2026-06-26T09:34:14.328Z state -> logged_in
2026-06-26T09:34:14.328Z state -> ready
{"ts":1782466450742,"kind":"power","power":{"FVE":"0.2 kW","Baterie":"3.5 kW","Síť":"0.1 kW","Dům":"3.7 kW"}}
2026-06-26T09:34:40.628Z state -> busy
2026-06-26T09:34:41.841Z state -> ready
{"ts":1782466480787,"kind":"power","power":{"FVE":null,"Baterie":null,"Síť":null,"Dům":null}}
{"ts":1782466510837,"kind":"power","power":{"FVE":null,"Baterie":null,"Síť":null,"Dům":null}}
{"ts":1782466540751,"kind":"power","power":{"FVE":null,"Baterie":null,"Síť":null,"Dům":null}}
2026-06-26T09:36:10.629Z state -> busy
{"ts":1782466570757,"kind":"power","power":{"FVE":null,"Baterie":null,"Síť":null,"Dům":null}}
2026-06-26T09:36:11.905Z state -> ready
{"ts":1782466926200,"kind":"power","power":{"FVE":"0.1 kW","Baterie":"3.7 kW","Síť":"0.0 kW","Dům":"3.8 kW"}}
2026-06-26T10:00:20.751Z state -> busy
2026-06-26T10:00:22.756Z state -> idle
2026-06-26T10:00:24.141Z state -> logged_in
2026-06-26T10:00:24.141Z state -> ready
2026-06-26T10:00:24.756Z state -> busy
2026-06-26T10:00:25.894Z state -> ready
2026-06-26T10:00:38.247Z state -> idle
26/06/2026, 12:10:20 state -> busy
26/06/2026, 12:10:22 state -> idle
26/06/2026, 12:10:23 state -> logged_in
26/06/2026, 12:10:23 state -> ready
26/06/2026, 12:10:24 state -> busy
26/06/2026, 12:10:25 state -> ready
26/06/2026, 12:11:26 state -> idle
26/06/2026, 12:17:10 state -> busy
26/06/2026, 12:17:12 state -> idle
26/06/2026, 12:17:14 state -> busy
26/06/2026, 12:17:14 state -> logged_in
26/06/2026, 12:17:14 state -> ready
26/06/2026, 12:17:16 state -> busy
26/06/2026, 12:17:17 state -> ready
26/06/2026, 12:17:17 state -> logged_in
26/06/2026, 12:17:17 state -> ready
26/06/2026, 12:18:18 state -> busy
26/06/2026, 12:18:19 state -> ready
26/06/2026, 12:19:20 state -> busy
26/06/2026, 12:19:21 state -> ready
26/06/2026, 12:20:22 state -> busy
26/06/2026, 12:20:23 state -> ready
26/06/2026, 12:21:24 state -> busy
26/06/2026, 12:21:25 state -> ready
26/06/2026, 12:21:47 state -> idle
26/06/2026, 12:30:48 state -> busy
26/06/2026, 12:30:50 state -> idle
26/06/2026, 12:30:51 state -> logged_in
26/06/2026, 12:30:51 state -> ready
26/06/2026, 12:30:52 state -> busy
26/06/2026, 12:30:53 state -> ready
26/06/2026, 12:31:27 state -> idle
26/06/2026, 12:42:00 state -> busy
26/06/2026, 12:42:02 state -> idle
26/06/2026, 12:42:03 state -> logged_in
26/06/2026, 12:42:03 state -> ready
26/06/2026, 12:42:04 state -> busy
26/06/2026, 12:42:05 state -> ready
26/06/2026, 12:42:28 state -> idle
26/06/2026, 13:06:12 state -> busy
26/06/2026, 13:06:14 state -> idle
26/06/2026, 13:06:15 state -> logged_in
26/06/2026, 13:06:15 state -> ready
26/06/2026, 13:06:16 state -> busy
26/06/2026, 13:06:17 state -> ready
26/06/2026, 13:07:18 state -> busy
26/06/2026, 13:07:19 state -> ready
26/06/2026, 13:08:20 state -> busy
26/06/2026, 13:08:21 state -> ready
26/06/2026, 13:09:22 state -> busy
26/06/2026, 13:09:23 state -> ready
26/06/2026, 13:10:32 state -> busy
26/06/2026, 13:10:34 state -> idle
26/06/2026, 13:10:35 state -> logged_in
26/06/2026, 13:10:35 state -> ready
26/06/2026, 13:10:36 state -> busy
26/06/2026, 13:10:37 state -> ready
26/06/2026, 13:11:38 state -> busy
26/06/2026, 13:11:39 state -> ready
26/06/2026, 13:12:40 state -> busy
26/06/2026, 13:12:41 state -> ready
26/06/2026, 13:38:59 state -> busy
26/06/2026, 13:39:09 state -> logged_in
26/06/2026, 13:39:09 state -> ready
26/06/2026, 13:39:09 state -> busy
{"kind":"action","ts":1782473950045,"timeStr":"26/06/2026, 13:39:10","scenarioId":null,"scenarioLabel":null,"actionId":"refresh_power_data","actionLabel":"Refresh Power Data","status":"executed","manual":true}
26/06/2026, 13:39:10 state -> ready
26/06/2026, 13:40:13 state -> busy
{"kind":"action","ts":1782474014022,"timeStr":"26/06/2026, 13:40:14","scenarioId":null,"scenarioLabel":null,"actionId":"refresh_power_data","actionLabel":"Refresh Power Data","status":"executed","manual":true}
26/06/2026, 13:40:14 state -> ready
26/06/2026, 13:40:31 state -> busy
{"kind":"action","ts":1782474031842,"timeStr":"26/06/2026, 13:40:31","scenarioId":null,"scenarioLabel":null,"actionId":"refresh_power_data","actionLabel":"Refresh Power Data","status":"executed","manual":true}
26/06/2026, 13:40:31 state -> ready
26/06/2026, 13:40:56 state -> busy
{"kind":"action","ts":1782474057353,"timeStr":"26/06/2026, 13:40:57","scenarioId":null,"scenarioLabel":null,"actionId":"refresh_power_data","actionLabel":"Refresh Power Data","status":"executed","manual":true}
26/06/2026, 13:40:57 state -> ready
26/06/2026, 13:41:58 state -> busy
{"kind":"action","ts":1782474119013,"timeStr":"26/06/2026, 13:41:59","scenarioId":null,"scenarioLabel":null,"actionId":"refresh_power_data","actionLabel":"Refresh Power Data","status":"executed","manual":true}
26/06/2026, 13:41:59 state -> ready
26/06/2026, 13:42:34 state -> busy
{"kind":"action","ts":1782474154681,"timeStr":"26/06/2026, 13:42:34","scenarioId":null,"scenarioLabel":null,"actionId":"refresh_power_data","actionLabel":"Refresh Power Data","status":"executed","manual":true}
26/06/2026, 13:42:34 state -> ready
26/06/2026, 14:04:33 state -> busy
{"kind":"action","ts":1782475473710,"timeStr":"26/06/2026, 14:04:33","scenarioId":null,"scenarioLabel":null,"actionId":"refresh_power_data","actionLabel":"Refresh Power Data","status":"executed","manual":true}
26/06/2026, 14:04:33 state -> ready
26/06/2026, 14:07:32 state -> busy
26/06/2026, 14:07:36 state -> logged_in
26/06/2026, 14:07:36 state -> busy
26/06/2026, 14:07:36 state -> ready
{"kind":"action","ts":1782475656670,"timeStr":"26/06/2026, 14:07:36","scenarioId":null,"scenarioLabel":null,"actionId":"refresh_power_data","actionLabel":"Refresh Power Data","status":"executed","manual":true}
26/06/2026, 14:07:36 state -> ready
26/06/2026, 14:12:26 state -> busy
26/06/2026, 14:12:29 state -> logged_in
26/06/2026, 14:12:29 state -> ready
26/06/2026, 14:12:29 state -> busy
{"kind":"action","ts":1782475950205,"timeStr":"26/06/2026, 14:12:30","scenarioId":null,"scenarioLabel":null,"actionId":"refresh_power_data","actionLabel":"Refresh Power Data","status":"executed","manual":true}
26/06/2026, 14:12:30 state -> ready
26/06/2026, 14:12:42 state -> busy
{"kind":"action","ts":1782475962477,"timeStr":"26/06/2026, 14:12:42","scenarioId":null,"scenarioLabel":null,"actionId":"refresh_power_data","actionLabel":"Refresh Power Data","status":"executed","manual":true}
26/06/2026, 14:12:42 state -> ready
26/06/2026, 14:13:12 state -> busy
{"kind":"action","ts":1782475993315,"timeStr":"26/06/2026, 14:13:13","scenarioId":null,"scenarioLabel":null,"actionId":"refresh_power_data","actionLabel":"Refresh Power Data","status":"executed","manual":true}
26/06/2026, 14:13:13 state -> ready
26/06/2026, 14:18:36 state -> busy
26/06/2026, 14:18:46 state -> logged_in
26/06/2026, 14:18:46 state -> busy
26/06/2026, 14:18:46 state -> ready
{"kind":"action","ts":1782476327269,"timeStr":"26/06/2026, 14:18:47","scenarioId":null,"scenarioLabel":null,"actionId":"turn_on_plug","actionLabel":"Turn On Plug","status":"executed","manual":true}
26/06/2026, 14:18:47 state -> ready
26/06/2026, 14:20:39 state -> busy
{"kind":"action","ts":1782476471201,"timeStr":"26/06/2026, 14:21:11","scenarioId":null,"scenarioLabel":null,"actionId":"refresh_power_data","actionLabel":"Refresh Power Data","status":"executed","manual":true}
26/06/2026, 14:21:11 state -> ready
26/06/2026, 14:26:22 state -> busy
26/06/2026, 14:26:26 state -> ready
26/06/2026, 14:26:26 state -> logged_in
26/06/2026, 14:26:26 state -> busy
{"kind":"action","ts":1782476787562,"timeStr":"26/06/2026, 14:26:27","scenarioId":null,"scenarioLabel":null,"actionId":"turn_off_plug","actionLabel":"Turn Off Plug","status":"executed","manual":true}
26/06/2026, 14:26:27 state -> ready
26/06/2026, 14:32:14 state -> busy
26/06/2026, 14:32:18 state -> ready
26/06/2026, 14:32:18 state -> busy
26/06/2026, 14:32:18 state -> logged_in
{"kind":"action","ts":1782477139568,"timeStr":"26/06/2026, 14:32:19","scenarioId":null,"scenarioLabel":null,"actionId":"turn_on_plug","actionLabel":"Turn On Plug","status":"executed","manual":true}
26/06/2026, 14:32:51 state -> ready
26/06/2026, 14:36:02 state -> busy
{"kind":"action","ts":1782477394930,"timeStr":"26/06/2026, 14:36:34","scenarioId":null,"scenarioLabel":null,"actionId":"refresh_power_data","actionLabel":"Refresh Power Data","status":"executed","manual":true}
26/06/2026, 14:37:07 state -> ready
26/06/2026, 14:38:48 state -> busy
{"kind":"action","ts":1782477531938,"timeStr":"26/06/2026, 14:38:51","scenarioId":null,"scenarioLabel":null,"actionId":"turn_off_plug","actionLabel":"Turn Off Plug","status":"executed","manual":true}
26/06/2026, 14:39:29 state -> ready
26/06/2026, 14:43:22 state -> busy
{"kind":"action","ts":1782477804368,"timeStr":"26/06/2026, 14:43:24","scenarioId":null,"scenarioLabel":null,"actionId":"refresh_power_data","actionLabel":"Refresh Power Data","status":"executed","manual":true}
26/06/2026, 14:43:31 state -> ready
